<?xml version="1.0" encoding="ISO-8859-1" ?>
<link_info>
   <banner>TI ARM Linker Unix v18.1.1.LTS</banner>
   <copyright>Copyright (c) 1996-2017 Texas Instruments Incorporated</copyright>
   <link_time>0x5cc3a3c8</link_time>
   <link_errors>0x0</link_errors>
   <output_file>Remote_Control_Skateboard.out</output_file>
   <entry_point>
      <name>_c_int00_noargs</name>
      <address>0x197d</address>
   </entry_point>
   <input_file_list>
      <input_file id="fl-1">
         <path>./</path>
         <kind>object</kind>
         <file>ADC.obj</file>
         <name>ADC.obj</name>
      </input_file>
      <input_file id="fl-2">
         <path>./</path>
         <kind>object</kind>
         <file>BNO055.obj</file>
         <name>BNO055.obj</name>
      </input_file>
      <input_file id="fl-3">
         <path>./</path>
         <kind>object</kind>
         <file>USB_UART.obj</file>
         <name>USB_UART.obj</name>
      </input_file>
      <input_file id="fl-4">
         <path>./</path>
         <kind>object</kind>
         <file>delay.obj</file>
         <name>delay.obj</name>
      </input_file>
      <input_file id="fl-5">
         <path>./</path>
         <kind>object</kind>
         <file>main.obj</file>
         <name>main.obj</name>
      </input_file>
      <input_file id="fl-6">
         <path>./</path>
         <kind>object</kind>
         <file>startup_msp432p401r_ccs.obj</file>
         <name>startup_msp432p401r_ccs.obj</name>
      </input_file>
      <input_file id="fl-7">
         <path>./</path>
         <kind>object</kind>
         <file>system_msp432p401r.obj</file>
         <name>system_msp432p401r.obj</name>
      </input_file>
      <input_file id="fl-b">
         <kind>object</kind>
         <file>&lt;internal&gt;</file>
         <name>&lt;internal&gt;</name>
      </input_file>
      <input_file id="fl-c1">
         <path>/Applications/ti/ccsv8/tools/compiler/ti-cgt-arm_18.1.1.LTS/lib/</path>
         <kind>archive</kind>
         <file>rtsv7M4_T_le_v4SPD16_eabi.lib</file>
         <name>fd_cmp_t2.asm.obj</name>
      </input_file>
      <input_file id="fl-c2">
         <path>/Applications/ti/ccsv8/tools/compiler/ti-cgt-arm_18.1.1.LTS/lib/</path>
         <kind>archive</kind>
         <file>rtsv7M4_T_le_v4SPD16_eabi.lib</file>
         <name>fs_tod_t2.asm.obj</name>
      </input_file>
      <input_file id="fl-c3">
         <path>/Applications/ti/ccsv8/tools/compiler/ti-cgt-arm_18.1.1.LTS/lib/</path>
         <kind>archive</kind>
         <file>rtsv7M4_T_le_v4SPD16_eabi.lib</file>
         <name>copy_zero_init.c.obj</name>
      </input_file>
      <input_file id="fl-c4">
         <path>/Applications/ti/ccsv8/tools/compiler/ti-cgt-arm_18.1.1.LTS/lib/</path>
         <kind>archive</kind>
         <file>rtsv7M4_T_le_v4SPD16_eabi.lib</file>
         <name>copy_decompress_none.c.obj</name>
      </input_file>
      <input_file id="fl-c5">
         <path>/Applications/ti/ccsv8/tools/compiler/ti-cgt-arm_18.1.1.LTS/lib/</path>
         <kind>archive</kind>
         <file>rtsv7M4_T_le_v4SPD16_eabi.lib</file>
         <name>copy_decompress_lzss.c.obj</name>
      </input_file>
      <input_file id="fl-c6">
         <path>/Applications/ti/ccsv8/tools/compiler/ti-cgt-arm_18.1.1.LTS/lib/</path>
         <kind>archive</kind>
         <file>rtsv7M4_T_le_v4SPD16_eabi.lib</file>
         <name>boot_cortex_m.c.obj</name>
      </input_file>
      <input_file id="fl-c7">
         <path>/Applications/ti/ccsv8/tools/compiler/ti-cgt-arm_18.1.1.LTS/lib/</path>
         <kind>archive</kind>
         <file>rtsv7M4_T_le_v4SPD16_eabi.lib</file>
         <name>exit.c.obj</name>
      </input_file>
      <input_file id="fl-c8">
         <path>/Applications/ti/ccsv8/tools/compiler/ti-cgt-arm_18.1.1.LTS/lib/</path>
         <kind>archive</kind>
         <file>rtsv7M4_T_le_v4SPD16_eabi.lib</file>
         <name>_lock.c.obj</name>
      </input_file>
      <input_file id="fl-c9">
         <path>/Applications/ti/ccsv8/tools/compiler/ti-cgt-arm_18.1.1.LTS/lib/</path>
         <kind>archive</kind>
         <file>rtsv7M4_T_le_v4SPD16_eabi.lib</file>
         <name>args_main.c.obj</name>
      </input_file>
      <input_file id="fl-ca">
         <path>/Applications/ti/ccsv8/tools/compiler/ti-cgt-arm_18.1.1.LTS/lib/</path>
         <kind>archive</kind>
         <file>rtsv7M4_T_le_v4SPD16_eabi.lib</file>
         <name>memcpy_t2.asm.obj</name>
      </input_file>
      <input_file id="fl-cb">
         <path>/Applications/ti/ccsv8/tools/compiler/ti-cgt-arm_18.1.1.LTS/lib/</path>
         <kind>archive</kind>
         <file>rtsv7M4_T_le_v4SPD16_eabi.lib</file>
         <name>memset_t2.asm.obj</name>
      </input_file>
      <input_file id="fl-cc">
         <path>/Applications/ti/ccsv8/tools/compiler/ti-cgt-arm_18.1.1.LTS/lib/</path>
         <kind>archive</kind>
         <file>rtsv7M4_T_le_v4SPD16_eabi.lib</file>
         <name>autoinit.c.obj</name>
      </input_file>
      <input_file id="fl-cd">
         <path>/Applications/ti/ccsv8/tools/compiler/ti-cgt-arm_18.1.1.LTS/lib/</path>
         <kind>archive</kind>
         <file>rtsv7M4_T_le_v4SPD16_eabi.lib</file>
         <name>pre_init.c.obj</name>
      </input_file>
      <input_file id="fl-ce">
         <path>/Applications/ti/ccsv8/tools/compiler/ti-cgt-arm_18.1.1.LTS/lib/</path>
         <kind>archive</kind>
         <file>rtsv7M4_T_le_v4SPD16_eabi.lib</file>
         <name>cpy_tbl.c.obj</name>
      </input_file>
   </input_file_list>
   <object_component_list>
      <object_component id="oc-23">
         <name>.intvecs:retain</name>
         <load_address>0x0</load_address>
         <run_address>0x0</run_address>
         <size>0xe4</size>
         <input_file_ref idref="fl-6"/>
      </object_component>
      <object_component id="oc-70">
         <name>.text</name>
         <load_address>0xe4</load_address>
         <run_address>0xe4</run_address>
         <size>0xab2</size>
         <input_file_ref idref="fl-3"/>
      </object_component>
      <object_component id="oc-6a">
         <name>.text</name>
         <load_address>0xb98</load_address>
         <run_address>0xb98</run_address>
         <size>0x360</size>
         <input_file_ref idref="fl-5"/>
      </object_component>
      <object_component id="oc-b4">
         <name>.text</name>
         <load_address>0xef8</load_address>
         <run_address>0xef8</run_address>
         <size>0x334</size>
         <input_file_ref idref="fl-7"/>
      </object_component>
      <object_component id="oc-bb">
         <name>.text</name>
         <load_address>0x122c</load_address>
         <run_address>0x122c</run_address>
         <size>0x278</size>
         <input_file_ref idref="fl-4"/>
      </object_component>
      <object_component id="oc-76">
         <name>.text</name>
         <load_address>0x14a4</load_address>
         <run_address>0x14a4</run_address>
         <size>0x1a8</size>
         <input_file_ref idref="fl-2"/>
      </object_component>
      <object_component id="oc-7c">
         <name>.text</name>
         <load_address>0x164c</load_address>
         <run_address>0x164c</run_address>
         <size>0xdc</size>
         <input_file_ref idref="fl-1"/>
      </object_component>
      <object_component id="oc-34">
         <name>.text</name>
         <load_address>0x1728</load_address>
         <run_address>0x1728</run_address>
         <size>0x9c</size>
         <input_file_ref idref="fl-ca"/>
      </object_component>
      <object_component id="oc-cb">
         <name>.text:__aeabi_cdcmple</name>
         <load_address>0x17c4</load_address>
         <run_address>0x17c4</run_address>
         <size>0x86</size>
         <input_file_ref idref="fl-c1"/>
      </object_component>
      <object_component id="oc-c6">
         <name>.text:__aeabi_cdrcmple</name>
         <load_address>0x184a</load_address>
         <run_address>0x184a</run_address>
         <size>0x86</size>
         <input_file_ref idref="fl-c1"/>
      </object_component>
      <object_component id="oc-14">
         <name>.text:decompress:lzss:__TI_decompress_lzss</name>
         <load_address>0x18d0</load_address>
         <run_address>0x18d0</run_address>
         <size>0x68</size>
         <input_file_ref idref="fl-c5"/>
      </object_component>
      <object_component id="oc-10c">
         <name>.text:__TI_auto_init_nobinit_nopinit:__TI_auto_init_nobinit_nopinit</name>
         <load_address>0x1938</load_address>
         <run_address>0x1938</run_address>
         <size>0x44</size>
         <input_file_ref idref="fl-cc"/>
      </object_component>
      <object_component id="oc-52">
         <name>.text:_c_int00_noargs:_c_int00_noargs</name>
         <load_address>0x197c</load_address>
         <run_address>0x197c</run_address>
         <size>0x38</size>
         <input_file_ref idref="fl-c6"/>
      </object_component>
      <object_component id="oc-c1">
         <name>.text</name>
         <load_address>0x19b4</load_address>
         <run_address>0x19b4</run_address>
         <size>0x38</size>
         <input_file_ref idref="fl-c2"/>
      </object_component>
      <object_component id="oc-40">
         <name>.text:decompress:ZI:__TI_zero_init_nomemset:__TI_zero_init_nomemset</name>
         <load_address>0x19ec</load_address>
         <run_address>0x19ec</run_address>
         <size>0x12</size>
         <input_file_ref idref="fl-c3"/>
      </object_component>
      <object_component id="oc-1a">
         <name>.text:decompress:none:__TI_decompress_none</name>
         <load_address>0x19fe</load_address>
         <run_address>0x19fe</run_address>
         <size>0xe</size>
         <input_file_ref idref="fl-c4"/>
      </object_component>
      <object_component id="oc-64">
         <name>.text</name>
         <load_address>0x1a0c</load_address>
         <run_address>0x1a0c</run_address>
         <size>0xe</size>
         <input_file_ref idref="fl-6"/>
      </object_component>
      <object_component id="oc-a2">
         <name>.text:_system_pre_init</name>
         <load_address>0x1a1a</load_address>
         <run_address>0x1a1a</run_address>
         <size>0x4</size>
         <input_file_ref idref="fl-cd"/>
      </object_component>
      <object_component id="oc-100">
         <name>.text:abort:abort</name>
         <load_address>0x1a1e</load_address>
         <run_address>0x1a1e</run_address>
         <size>0x4</size>
         <input_file_ref idref="fl-c7"/>
      </object_component>
      <object_component id="oc-1e6">
         <name>.cinit..data.load</name>
         <load_address>0x1a28</load_address>
         <run_address>0x1a28</run_address>
         <size>0x11</size>
      </object_component>
      <object_component id="oc-1e4">
         <name>__TI_handler_table</name>
         <load_address>0x1a3c</load_address>
         <run_address>0x1a3c</run_address>
         <size>0xc</size>
      </object_component>
      <object_component id="oc-1e7">
         <name>.cinit..bss.load</name>
         <load_address>0x1a48</load_address>
         <run_address>0x1a48</run_address>
         <size>0x8</size>
      </object_component>
      <object_component id="oc-1e5">
         <name>__TI_cinit_table</name>
         <load_address>0x1a50</load_address>
         <run_address>0x1a50</run_address>
         <size>0x10</size>
      </object_component>
      <object_component id="oc-1b9">
         <name>.binit</name>
         <load_address>0x0</load_address>
         <run_address>0x0</run_address>
         <size>0x0</size>
      </object_component>
      <object_component id="oc-e5">
         <name>.data</name>
         <load_address>0x20000000</load_address>
         <run_address>0x20000000</run_address>
         <size>0x6</size>
         <input_file_ref idref="fl-1"/>
      </object_component>
      <object_component id="oc-e1">
         <name>.data</name>
         <load_address>0x2000000a</load_address>
         <run_address>0x2000000a</run_address>
         <size>0x2</size>
         <input_file_ref idref="fl-2"/>
      </object_component>
      <object_component id="oc-dc">
         <name>.data</name>
         <load_address>0x20000006</load_address>
         <run_address>0x20000006</run_address>
         <size>0x4</size>
         <input_file_ref idref="fl-3"/>
      </object_component>
      <object_component id="oc-d4">
         <name>.data</name>
         <load_address>0x20000010</load_address>
         <run_address>0x20000010</run_address>
         <size>0x2</size>
         <input_file_ref idref="fl-5"/>
      </object_component>
      <object_component id="oc-13e">
         <name>.data</name>
         <load_address>0x2000000c</load_address>
         <run_address>0x2000000c</run_address>
         <size>0x4</size>
         <input_file_ref idref="fl-7"/>
      </object_component>
      <object_component id="oc-d5">
         <name>.bss</name>
         <uninitialized>true</uninitialized>
         <run_address>0x20000012</run_address>
         <size>0x4</size>
         <input_file_ref idref="fl-5"/>
      </object_component>
      <object_component id="oc-d3">
         <name>.common:throttle_diff</name>
         <uninitialized>true</uninitialized>
         <run_address>0x20000018</run_address>
         <size>0x2</size>
      </object_component>
      <object_component id="oc-d0">
         <name>.common:sampled_flag</name>
         <uninitialized>true</uninitialized>
         <run_address>0x20000016</run_address>
         <size>0x2</size>
      </object_component>
      <object_component id="oc-26">
         <name>.stack</name>
         <uninitialized>true</uninitialized>
         <run_address>0x2000fe00</run_address>
         <size>0x4</size>
         <input_file_ref idref="fl-c6"/>
      </object_component>
      <object_component id="oc-1e8">
         <name>.stack</name>
         <uninitialized>true</uninitialized>
         <run_address>0x2000fe00</run_address>
         <size>0x0</size>
      </object_component>
      <object_component id="oc-160">
         <name>.debug_info</name>
         <load_address>0x0</load_address>
         <run_address>0x0</run_address>
         <size>0x537</size>
         <input_file_ref idref="fl-1"/>
      </object_component>
      <object_component id="oc-e6">
         <name>.debug_info</name>
         <load_address>0x537</load_address>
         <run_address>0x537</run_address>
         <size>0x125</size>
         <input_file_ref idref="fl-1"/>
      </object_component>
      <object_component id="oc-7d">
         <name>.debug_info</name>
         <load_address>0x65c</load_address>
         <run_address>0x65c</run_address>
         <size>0x287</size>
         <input_file_ref idref="fl-1"/>
      </object_component>
      <object_component id="oc-148">
         <name>.debug_info</name>
         <load_address>0x8e3</load_address>
         <run_address>0x8e3</run_address>
         <size>0x37e2</size>
         <input_file_ref idref="fl-1"/>
      </object_component>
      <object_component id="oc-14d">
         <name>.debug_info</name>
         <load_address>0x40c5</load_address>
         <run_address>0x40c5</run_address>
         <size>0x1055</size>
         <input_file_ref idref="fl-1"/>
      </object_component>
      <object_component id="oc-eb">
         <name>.debug_info</name>
         <load_address>0x511a</load_address>
         <run_address>0x511a</run_address>
         <size>0x26b</size>
         <input_file_ref idref="fl-1"/>
      </object_component>
      <object_component id="oc-2f">
         <name>.debug_info</name>
         <load_address>0x5385</load_address>
         <run_address>0x5385</run_address>
         <size>0x84</size>
         <input_file_ref idref="fl-1"/>
      </object_component>
      <object_component id="oc-152">
         <name>.debug_info</name>
         <load_address>0x5409</load_address>
         <run_address>0x5409</run_address>
         <size>0x297</size>
         <input_file_ref idref="fl-1"/>
      </object_component>
      <object_component id="oc-d7">
         <name>.debug_info</name>
         <load_address>0x56a0</load_address>
         <run_address>0x56a0</run_address>
         <size>0xbb</size>
         <input_file_ref idref="fl-1"/>
      </object_component>
      <object_component id="oc-15d">
         <name>.debug_info</name>
         <load_address>0x575b</load_address>
         <run_address>0x575b</run_address>
         <size>0x561</size>
         <input_file_ref idref="fl-2"/>
      </object_component>
      <object_component id="oc-e2">
         <name>.debug_info</name>
         <load_address>0x5cbc</load_address>
         <run_address>0x5cbc</run_address>
         <size>0xeb</size>
         <input_file_ref idref="fl-2"/>
      </object_component>
      <object_component id="oc-77">
         <name>.debug_info</name>
         <load_address>0x5da7</load_address>
         <run_address>0x5da7</run_address>
         <size>0x339</size>
         <input_file_ref idref="fl-2"/>
      </object_component>
      <object_component id="oc-e0">
         <name>.debug_info</name>
         <load_address>0x60e0</load_address>
         <run_address>0x60e0</run_address>
         <size>0x542</size>
         <input_file_ref idref="fl-3"/>
      </object_component>
      <object_component id="oc-dd">
         <name>.debug_info</name>
         <load_address>0x6622</load_address>
         <run_address>0x6622</run_address>
         <size>0xf2</size>
         <input_file_ref idref="fl-3"/>
      </object_component>
      <object_component id="oc-71">
         <name>.debug_info</name>
         <load_address>0x6714</load_address>
         <run_address>0x6714</run_address>
         <size>0x12cc</size>
         <input_file_ref idref="fl-3"/>
      </object_component>
      <object_component id="oc-bc">
         <name>.debug_info</name>
         <load_address>0x79e0</load_address>
         <run_address>0x79e0</run_address>
         <size>0x289</size>
         <input_file_ref idref="fl-4"/>
      </object_component>
      <object_component id="oc-d1">
         <name>.debug_info</name>
         <load_address>0x7c69</load_address>
         <run_address>0x7c69</run_address>
         <size>0x71a</size>
         <input_file_ref idref="fl-5"/>
      </object_component>
      <object_component id="oc-6b">
         <name>.debug_info</name>
         <load_address>0x8383</load_address>
         <run_address>0x8383</run_address>
         <size>0x508</size>
         <input_file_ref idref="fl-5"/>
      </object_component>
      <object_component id="oc-84">
         <name>.debug_info</name>
         <load_address>0x888b</load_address>
         <run_address>0x888b</run_address>
         <size>0x2d8</size>
         <input_file_ref idref="fl-6"/>
      </object_component>
      <object_component id="oc-24">
         <name>.debug_info</name>
         <load_address>0x8b63</load_address>
         <run_address>0x8b63</run_address>
         <size>0x104</size>
         <input_file_ref idref="fl-6"/>
      </object_component>
      <object_component id="oc-65">
         <name>.debug_info</name>
         <load_address>0x8c67</load_address>
         <run_address>0x8c67</run_address>
         <size>0x1cb</size>
         <input_file_ref idref="fl-6"/>
      </object_component>
      <object_component id="oc-13f">
         <name>.debug_info</name>
         <load_address>0x8e32</load_address>
         <run_address>0x8e32</run_address>
         <size>0xfd</size>
         <input_file_ref idref="fl-7"/>
      </object_component>
      <object_component id="oc-b5">
         <name>.debug_info</name>
         <load_address>0x8f2f</load_address>
         <run_address>0x8f2f</run_address>
         <size>0x26f</size>
         <input_file_ref idref="fl-7"/>
      </object_component>
      <object_component id="oc-cc">
         <name>.debug_info</name>
         <load_address>0x919e</load_address>
         <run_address>0x919e</run_address>
         <size>0x120</size>
         <input_file_ref idref="fl-c1"/>
      </object_component>
      <object_component id="oc-c7">
         <name>.debug_info</name>
         <load_address>0x92be</load_address>
         <run_address>0x92be</run_address>
         <size>0x122</size>
         <input_file_ref idref="fl-c1"/>
      </object_component>
      <object_component id="oc-c2">
         <name>.debug_info</name>
         <load_address>0x93e0</load_address>
         <run_address>0x93e0</run_address>
         <size>0x124</size>
         <input_file_ref idref="fl-c2"/>
      </object_component>
      <object_component id="oc-9b">
         <name>.debug_info</name>
         <load_address>0x9504</load_address>
         <run_address>0x9504</run_address>
         <size>0x313</size>
         <input_file_ref idref="fl-c3"/>
      </object_component>
      <object_component id="oc-41">
         <name>.debug_info</name>
         <load_address>0x9817</load_address>
         <run_address>0x9817</run_address>
         <size>0x1b4</size>
         <input_file_ref idref="fl-c3"/>
      </object_component>
      <object_component id="oc-96">
         <name>.debug_info</name>
         <load_address>0x99cb</load_address>
         <run_address>0x99cb</run_address>
         <size>0x46</size>
         <input_file_ref idref="fl-c3"/>
      </object_component>
      <object_component id="oc-f7">
         <name>.debug_info</name>
         <load_address>0x9a11</load_address>
         <run_address>0x9a11</run_address>
         <size>0x2c</size>
         <input_file_ref idref="fl-c3"/>
      </object_component>
      <object_component id="oc-3f">
         <name>.debug_info</name>
         <load_address>0x9a3d</load_address>
         <run_address>0x9a3d</run_address>
         <size>0x29d</size>
         <input_file_ref idref="fl-c4"/>
      </object_component>
      <object_component id="oc-1b">
         <name>.debug_info</name>
         <load_address>0x9cda</load_address>
         <run_address>0x9cda</run_address>
         <size>0x1df</size>
         <input_file_ref idref="fl-c4"/>
      </object_component>
      <object_component id="oc-3a">
         <name>.debug_info</name>
         <load_address>0x9eb9</load_address>
         <run_address>0x9eb9</run_address>
         <size>0x46</size>
         <input_file_ref idref="fl-c4"/>
      </object_component>
      <object_component id="oc-8e">
         <name>.debug_info</name>
         <load_address>0x9eff</load_address>
         <run_address>0x9eff</run_address>
         <size>0x2c</size>
         <input_file_ref idref="fl-c4"/>
      </object_component>
      <object_component id="oc-8c">
         <name>.debug_info</name>
         <load_address>0x9f2b</load_address>
         <run_address>0x9f2b</run_address>
         <size>0x293</size>
         <input_file_ref idref="fl-c5"/>
      </object_component>
      <object_component id="oc-15">
         <name>.debug_info</name>
         <load_address>0xa1be</load_address>
         <run_address>0xa1be</run_address>
         <size>0x245</size>
         <input_file_ref idref="fl-c5"/>
      </object_component>
      <object_component id="oc-2a">
         <name>.debug_info</name>
         <load_address>0xa403</load_address>
         <run_address>0xa403</run_address>
         <size>0x60</size>
         <input_file_ref idref="fl-c5"/>
      </object_component>
      <object_component id="oc-f0">
         <name>.debug_info</name>
         <load_address>0xa463</load_address>
         <run_address>0xa463</run_address>
         <size>0x46</size>
         <input_file_ref idref="fl-c5"/>
      </object_component>
      <object_component id="oc-87">
         <name>.debug_info</name>
         <load_address>0xa4a9</load_address>
         <run_address>0xa4a9</run_address>
         <size>0x39</size>
         <input_file_ref idref="fl-c5"/>
      </object_component>
      <object_component id="oc-27">
         <name>.debug_info</name>
         <load_address>0xa4e2</load_address>
         <run_address>0xa4e2</run_address>
         <size>0x100</size>
         <input_file_ref idref="fl-c6"/>
      </object_component>
      <object_component id="oc-53">
         <name>.debug_info</name>
         <load_address>0xa5e2</load_address>
         <run_address>0xa5e2</run_address>
         <size>0x1a4</size>
         <input_file_ref idref="fl-c6"/>
      </object_component>
      <object_component id="oc-101">
         <name>.debug_info</name>
         <load_address>0xa786</load_address>
         <run_address>0xa786</run_address>
         <size>0x117</size>
         <input_file_ref idref="fl-c7"/>
      </object_component>
      <object_component id="oc-35">
         <name>.debug_info</name>
         <load_address>0xa89d</load_address>
         <run_address>0xa89d</run_address>
         <size>0x111</size>
         <input_file_ref idref="fl-ca"/>
      </object_component>
      <object_component id="oc-16c">
         <name>.debug_info</name>
         <load_address>0xa9ae</load_address>
         <run_address>0xa9ae</run_address>
         <size>0x547</size>
         <input_file_ref idref="fl-cc"/>
      </object_component>
      <object_component id="oc-10d">
         <name>.debug_info</name>
         <load_address>0xaef5</load_address>
         <run_address>0xaef5</run_address>
         <size>0x19b</size>
         <input_file_ref idref="fl-cc"/>
      </object_component>
      <object_component id="oc-197">
         <name>.debug_info</name>
         <load_address>0xb090</load_address>
         <run_address>0xb090</run_address>
         <size>0x39</size>
         <input_file_ref idref="fl-cc"/>
      </object_component>
      <object_component id="oc-1ab">
         <name>.debug_info</name>
         <load_address>0xb0c9</load_address>
         <run_address>0xb0c9</run_address>
         <size>0x39</size>
         <input_file_ref idref="fl-cc"/>
      </object_component>
      <object_component id="oc-19c">
         <name>.debug_info</name>
         <load_address>0xb102</load_address>
         <run_address>0xb102</run_address>
         <size>0x39</size>
         <input_file_ref idref="fl-cc"/>
      </object_component>
      <object_component id="oc-1a1">
         <name>.debug_info</name>
         <load_address>0xb13b</load_address>
         <run_address>0xb13b</run_address>
         <size>0xcd</size>
         <input_file_ref idref="fl-cc"/>
      </object_component>
      <object_component id="oc-a3">
         <name>.debug_info</name>
         <load_address>0xb208</load_address>
         <run_address>0xb208</run_address>
         <size>0x148</size>
         <input_file_ref idref="fl-cd"/>
      </object_component>
      <object_component id="oc-1e9">
         <name>.debug_info</name>
         <load_address>0xb350</load_address>
         <run_address>0xb350</run_address>
         <size>0xb3</size>
      </object_component>
      <object_component id="oc-186">
         <name>.debug_line</name>
         <load_address>0x0</load_address>
         <run_address>0x0</run_address>
         <size>0x20</size>
         <input_file_ref idref="fl-1"/>
      </object_component>
      <object_component id="oc-15f">
         <name>.debug_line</name>
         <load_address>0x20</load_address>
         <run_address>0x20</run_address>
         <size>0x2c</size>
         <input_file_ref idref="fl-1"/>
      </object_component>
      <object_component id="oc-80">
         <name>.debug_line</name>
         <load_address>0x4c</load_address>
         <run_address>0x4c</run_address>
         <size>0xd3</size>
         <input_file_ref idref="fl-1"/>
      </object_component>
      <object_component id="oc-14b">
         <name>.debug_line</name>
         <load_address>0x11f</load_address>
         <run_address>0x11f</run_address>
         <size>0x5d</size>
         <input_file_ref idref="fl-1"/>
      </object_component>
      <object_component id="oc-150">
         <name>.debug_line</name>
         <load_address>0x17c</load_address>
         <run_address>0x17c</run_address>
         <size>0x60</size>
         <input_file_ref idref="fl-1"/>
      </object_component>
      <object_component id="oc-ee">
         <name>.debug_line</name>
         <load_address>0x1dc</load_address>
         <run_address>0x1dc</run_address>
         <size>0x74</size>
         <input_file_ref idref="fl-1"/>
      </object_component>
      <object_component id="oc-32">
         <name>.debug_line</name>
         <load_address>0x250</load_address>
         <run_address>0x250</run_address>
         <size>0x20</size>
         <input_file_ref idref="fl-1"/>
      </object_component>
      <object_component id="oc-155">
         <name>.debug_line</name>
         <load_address>0x270</load_address>
         <run_address>0x270</run_address>
         <size>0x78</size>
         <input_file_ref idref="fl-1"/>
      </object_component>
      <object_component id="oc-da">
         <name>.debug_line</name>
         <load_address>0x2e8</load_address>
         <run_address>0x2e8</run_address>
         <size>0x75</size>
         <input_file_ref idref="fl-1"/>
      </object_component>
      <object_component id="oc-184">
         <name>.debug_line</name>
         <load_address>0x35d</load_address>
         <run_address>0x35d</run_address>
         <size>0x2e</size>
         <input_file_ref idref="fl-2"/>
      </object_component>
      <object_component id="oc-15c">
         <name>.debug_line</name>
         <load_address>0x38b</load_address>
         <run_address>0x38b</run_address>
         <size>0x2f</size>
         <input_file_ref idref="fl-2"/>
      </object_component>
      <object_component id="oc-7a">
         <name>.debug_line</name>
         <load_address>0x3ba</load_address>
         <run_address>0x3ba</run_address>
         <size>0xdb</size>
         <input_file_ref idref="fl-2"/>
      </object_component>
      <object_component id="oc-15a">
         <name>.debug_line</name>
         <load_address>0x495</load_address>
         <run_address>0x495</run_address>
         <size>0x20</size>
         <input_file_ref idref="fl-3"/>
      </object_component>
      <object_component id="oc-158">
         <name>.debug_line</name>
         <load_address>0x4b5</load_address>
         <run_address>0x4b5</run_address>
         <size>0x31</size>
         <input_file_ref idref="fl-3"/>
      </object_component>
      <object_component id="oc-74">
         <name>.debug_line</name>
         <load_address>0x4e6</load_address>
         <run_address>0x4e6</run_address>
         <size>0x39b</size>
         <input_file_ref idref="fl-3"/>
      </object_component>
      <object_component id="oc-bf">
         <name>.debug_line</name>
         <load_address>0x881</load_address>
         <run_address>0x881</run_address>
         <size>0xed</size>
         <input_file_ref idref="fl-4"/>
      </object_component>
      <object_component id="oc-147">
         <name>.debug_line</name>
         <load_address>0x96e</load_address>
         <run_address>0x96e</run_address>
         <size>0x67</size>
         <input_file_ref idref="fl-5"/>
      </object_component>
      <object_component id="oc-6e">
         <name>.debug_line</name>
         <load_address>0x9d5</load_address>
         <run_address>0x9d5</run_address>
         <size>0x116</size>
         <input_file_ref idref="fl-5"/>
      </object_component>
      <object_component id="oc-ea">
         <name>.debug_line</name>
         <load_address>0xaeb</load_address>
         <run_address>0xaeb</run_address>
         <size>0x40</size>
         <input_file_ref idref="fl-6"/>
      </object_component>
      <object_component id="oc-83">
         <name>.debug_line</name>
         <load_address>0xb2b</load_address>
         <run_address>0xb2b</run_address>
         <size>0x40</size>
         <input_file_ref idref="fl-6"/>
      </object_component>
      <object_component id="oc-68">
         <name>.debug_line</name>
         <load_address>0xb6b</load_address>
         <run_address>0xb6b</run_address>
         <size>0x71</size>
         <input_file_ref idref="fl-6"/>
      </object_component>
      <object_component id="oc-182">
         <name>.debug_line</name>
         <load_address>0xbdc</load_address>
         <run_address>0xbdc</run_address>
         <size>0x3b</size>
         <input_file_ref idref="fl-7"/>
      </object_component>
      <object_component id="oc-b8">
         <name>.debug_line</name>
         <load_address>0xc17</load_address>
         <run_address>0xc17</run_address>
         <size>0x159</size>
         <input_file_ref idref="fl-7"/>
      </object_component>
      <object_component id="oc-cf">
         <name>.debug_line</name>
         <load_address>0xd70</load_address>
         <run_address>0xd70</run_address>
         <size>0x77</size>
         <input_file_ref idref="fl-c1"/>
      </object_component>
      <object_component id="oc-ca">
         <name>.debug_line</name>
         <load_address>0xde7</load_address>
         <run_address>0xde7</run_address>
         <size>0x77</size>
         <input_file_ref idref="fl-c1"/>
      </object_component>
      <object_component id="oc-c5">
         <name>.debug_line</name>
         <load_address>0xe5e</load_address>
         <run_address>0xe5e</run_address>
         <size>0x57</size>
         <input_file_ref idref="fl-c2"/>
      </object_component>
      <object_component id="oc-fd">
         <name>.debug_line</name>
         <load_address>0xeb5</load_address>
         <run_address>0xeb5</run_address>
         <size>0x9e</size>
         <input_file_ref idref="fl-c3"/>
      </object_component>
      <object_component id="oc-44">
         <name>.debug_line</name>
         <load_address>0xf53</load_address>
         <run_address>0xf53</run_address>
         <size>0x4f</size>
         <input_file_ref idref="fl-c3"/>
      </object_component>
      <object_component id="oc-99">
         <name>.debug_line</name>
         <load_address>0xfa2</load_address>
         <run_address>0xfa2</run_address>
         <size>0x34</size>
         <input_file_ref idref="fl-c3"/>
      </object_component>
      <object_component id="oc-fa">
         <name>.debug_line</name>
         <load_address>0xfd6</load_address>
         <run_address>0xfd6</run_address>
         <size>0x8a</size>
         <input_file_ref idref="fl-c3"/>
      </object_component>
      <object_component id="oc-94">
         <name>.debug_line</name>
         <load_address>0x1060</load_address>
         <run_address>0x1060</run_address>
         <size>0x20</size>
         <input_file_ref idref="fl-c4"/>
      </object_component>
      <object_component id="oc-1e">
         <name>.debug_line</name>
         <load_address>0x1080</load_address>
         <run_address>0x1080</run_address>
         <size>0x55</size>
         <input_file_ref idref="fl-c4"/>
      </object_component>
      <object_component id="oc-3d">
         <name>.debug_line</name>
         <load_address>0x10d5</load_address>
         <run_address>0x10d5</run_address>
         <size>0x3a</size>
         <input_file_ref idref="fl-c4"/>
      </object_component>
      <object_component id="oc-91">
         <name>.debug_line</name>
         <load_address>0x110f</load_address>
         <run_address>0x110f</run_address>
         <size>0x8a</size>
         <input_file_ref idref="fl-c4"/>
      </object_component>
      <object_component id="oc-f6">
         <name>.debug_line</name>
         <load_address>0x1199</load_address>
         <run_address>0x1199</run_address>
         <size>0x20</size>
         <input_file_ref idref="fl-c5"/>
      </object_component>
      <object_component id="oc-18">
         <name>.debug_line</name>
         <load_address>0x11b9</load_address>
         <run_address>0x11b9</run_address>
         <size>0xa9</size>
         <input_file_ref idref="fl-c5"/>
      </object_component>
      <object_component id="oc-2d">
         <name>.debug_line</name>
         <load_address>0x1262</load_address>
         <run_address>0x1262</run_address>
         <size>0x3a</size>
         <input_file_ref idref="fl-c5"/>
      </object_component>
      <object_component id="oc-f3">
         <name>.debug_line</name>
         <load_address>0x129c</load_address>
         <run_address>0x129c</run_address>
         <size>0x92</size>
         <input_file_ref idref="fl-c5"/>
      </object_component>
      <object_component id="oc-8a">
         <name>.debug_line</name>
         <load_address>0x132e</load_address>
         <run_address>0x132e</run_address>
         <size>0x8e</size>
         <input_file_ref idref="fl-c5"/>
      </object_component>
      <object_component id="oc-86">
         <name>.debug_line</name>
         <load_address>0x13bc</load_address>
         <run_address>0x13bc</run_address>
         <size>0x33</size>
         <input_file_ref idref="fl-c6"/>
      </object_component>
      <object_component id="oc-56">
         <name>.debug_line</name>
         <load_address>0x13ef</load_address>
         <run_address>0x13ef</run_address>
         <size>0x56</size>
         <input_file_ref idref="fl-c6"/>
      </object_component>
      <object_component id="oc-104">
         <name>.debug_line</name>
         <load_address>0x1445</load_address>
         <run_address>0x1445</run_address>
         <size>0x3c</size>
         <input_file_ref idref="fl-c7"/>
      </object_component>
      <object_component id="oc-38">
         <name>.debug_line</name>
         <load_address>0x1481</load_address>
         <run_address>0x1481</run_address>
         <size>0x88</size>
         <input_file_ref idref="fl-ca"/>
      </object_component>
      <object_component id="oc-196">
         <name>.debug_line</name>
         <load_address>0x1509</load_address>
         <run_address>0x1509</run_address>
         <size>0xb7</size>
         <input_file_ref idref="fl-cc"/>
      </object_component>
      <object_component id="oc-110">
         <name>.debug_line</name>
         <load_address>0x15c0</load_address>
         <run_address>0x15c0</run_address>
         <size>0x6c</size>
         <input_file_ref idref="fl-cc"/>
      </object_component>
      <object_component id="oc-19a">
         <name>.debug_line</name>
         <load_address>0x162c</load_address>
         <run_address>0x162c</run_address>
         <size>0x2e</size>
         <input_file_ref idref="fl-cc"/>
      </object_component>
      <object_component id="oc-1ae">
         <name>.debug_line</name>
         <load_address>0x165a</load_address>
         <run_address>0x165a</run_address>
         <size>0x92</size>
         <input_file_ref idref="fl-cc"/>
      </object_component>
      <object_component id="oc-19f">
         <name>.debug_line</name>
         <load_address>0x16ec</load_address>
         <run_address>0x16ec</run_address>
         <size>0x8f</size>
         <input_file_ref idref="fl-cc"/>
      </object_component>
      <object_component id="oc-1a4">
         <name>.debug_line</name>
         <load_address>0x177b</load_address>
         <run_address>0x177b</run_address>
         <size>0x8b</size>
         <input_file_ref idref="fl-cc"/>
      </object_component>
      <object_component id="oc-a6">
         <name>.debug_line</name>
         <load_address>0x1806</load_address>
         <run_address>0x1806</run_address>
         <size>0x40</size>
         <input_file_ref idref="fl-cd"/>
      </object_component>
      <object_component id="oc-81">
         <name>.debug_frame</name>
         <load_address>0x0</load_address>
         <run_address>0x0</run_address>
         <size>0xb8</size>
         <input_file_ref idref="fl-1"/>
      </object_component>
      <object_component id="oc-7b">
         <name>.debug_frame</name>
         <load_address>0xb8</load_address>
         <run_address>0xb8</run_address>
         <size>0x9c</size>
         <input_file_ref idref="fl-2"/>
      </object_component>
      <object_component id="oc-75">
         <name>.debug_frame</name>
         <load_address>0x154</load_address>
         <run_address>0x154</run_address>
         <size>0x21c</size>
         <input_file_ref idref="fl-3"/>
      </object_component>
      <object_component id="oc-c0">
         <name>.debug_frame</name>
         <load_address>0x370</load_address>
         <run_address>0x370</run_address>
         <size>0x88</size>
         <input_file_ref idref="fl-4"/>
      </object_component>
      <object_component id="oc-6f">
         <name>.debug_frame</name>
         <load_address>0x3f8</load_address>
         <run_address>0x3f8</run_address>
         <size>0x70</size>
         <input_file_ref idref="fl-5"/>
      </object_component>
      <object_component id="oc-69">
         <name>.debug_frame</name>
         <load_address>0x468</load_address>
         <run_address>0x468</run_address>
         <size>0x6c</size>
         <input_file_ref idref="fl-6"/>
      </object_component>
      <object_component id="oc-b9">
         <name>.debug_frame</name>
         <load_address>0x4d4</load_address>
         <run_address>0x4d4</run_address>
         <size>0x70</size>
         <input_file_ref idref="fl-7"/>
      </object_component>
      <object_component id="oc-45">
         <name>.debug_frame</name>
         <load_address>0x544</load_address>
         <run_address>0x544</run_address>
         <size>0x54</size>
         <input_file_ref idref="fl-c3"/>
      </object_component>
      <object_component id="oc-1f">
         <name>.debug_frame</name>
         <load_address>0x598</load_address>
         <run_address>0x598</run_address>
         <size>0x54</size>
         <input_file_ref idref="fl-c4"/>
      </object_component>
      <object_component id="oc-19">
         <name>.debug_frame</name>
         <load_address>0x5ec</load_address>
         <run_address>0x5ec</run_address>
         <size>0x60</size>
         <input_file_ref idref="fl-c5"/>
      </object_component>
      <object_component id="oc-57">
         <name>.debug_frame</name>
         <load_address>0x64c</load_address>
         <run_address>0x64c</run_address>
         <size>0x58</size>
         <input_file_ref idref="fl-c6"/>
      </object_component>
      <object_component id="oc-105">
         <name>.debug_frame</name>
         <load_address>0x6a4</load_address>
         <run_address>0x6a4</run_address>
         <size>0x54</size>
         <input_file_ref idref="fl-c7"/>
      </object_component>
      <object_component id="oc-111">
         <name>.debug_frame</name>
         <load_address>0x6f8</load_address>
         <run_address>0x6f8</run_address>
         <size>0x5c</size>
         <input_file_ref idref="fl-cc"/>
      </object_component>
      <object_component id="oc-a7">
         <name>.debug_frame</name>
         <load_address>0x754</load_address>
         <run_address>0x754</run_address>
         <size>0x54</size>
         <input_file_ref idref="fl-cd"/>
      </object_component>
      <object_component id="oc-185">
         <name>.debug_abbrev</name>
         <load_address>0x0</load_address>
         <run_address>0x0</run_address>
         <size>0x71</size>
         <input_file_ref idref="fl-1"/>
      </object_component>
      <object_component id="oc-15e">
         <name>.debug_abbrev</name>
         <load_address>0x71</load_address>
         <run_address>0x71</run_address>
         <size>0x27</size>
         <input_file_ref idref="fl-1"/>
      </object_component>
      <object_component id="oc-e8">
         <name>.debug_abbrev</name>
         <load_address>0x98</load_address>
         <run_address>0x98</run_address>
         <size>0x7f</size>
         <input_file_ref idref="fl-1"/>
      </object_component>
      <object_component id="oc-14a">
         <name>.debug_abbrev</name>
         <load_address>0x117</load_address>
         <run_address>0x117</run_address>
         <size>0xbd</size>
         <input_file_ref idref="fl-1"/>
      </object_component>
      <object_component id="oc-14f">
         <name>.debug_abbrev</name>
         <load_address>0x1d4</load_address>
         <run_address>0x1d4</run_address>
         <size>0x97</size>
         <input_file_ref idref="fl-1"/>
      </object_component>
      <object_component id="oc-ed">
         <name>.debug_abbrev</name>
         <load_address>0x26b</load_address>
         <run_address>0x26b</run_address>
         <size>0x69</size>
         <input_file_ref idref="fl-1"/>
      </object_component>
      <object_component id="oc-31">
         <name>.debug_abbrev</name>
         <load_address>0x2d4</load_address>
         <run_address>0x2d4</run_address>
         <size>0x1f</size>
         <input_file_ref idref="fl-1"/>
      </object_component>
      <object_component id="oc-154">
         <name>.debug_abbrev</name>
         <load_address>0x2f3</load_address>
         <run_address>0x2f3</run_address>
         <size>0x5c</size>
         <input_file_ref idref="fl-1"/>
      </object_component>
      <object_component id="oc-d9">
         <name>.debug_abbrev</name>
         <load_address>0x34f</load_address>
         <run_address>0x34f</run_address>
         <size>0x24</size>
         <input_file_ref idref="fl-1"/>
      </object_component>
      <object_component id="oc-183">
         <name>.debug_abbrev</name>
         <load_address>0x373</load_address>
         <run_address>0x373</run_address>
         <size>0x8e</size>
         <input_file_ref idref="fl-2"/>
      </object_component>
      <object_component id="oc-15b">
         <name>.debug_abbrev</name>
         <load_address>0x401</load_address>
         <run_address>0x401</run_address>
         <size>0x29</size>
         <input_file_ref idref="fl-2"/>
      </object_component>
      <object_component id="oc-e4">
         <name>.debug_abbrev</name>
         <load_address>0x42a</load_address>
         <run_address>0x42a</run_address>
         <size>0xa9</size>
         <input_file_ref idref="fl-2"/>
      </object_component>
      <object_component id="oc-159">
         <name>.debug_abbrev</name>
         <load_address>0x4d3</load_address>
         <run_address>0x4d3</run_address>
         <size>0x71</size>
         <input_file_ref idref="fl-3"/>
      </object_component>
      <object_component id="oc-157">
         <name>.debug_abbrev</name>
         <load_address>0x544</load_address>
         <run_address>0x544</run_address>
         <size>0x27</size>
         <input_file_ref idref="fl-3"/>
      </object_component>
      <object_component id="oc-df">
         <name>.debug_abbrev</name>
         <load_address>0x56b</load_address>
         <run_address>0x56b</run_address>
         <size>0x103</size>
         <input_file_ref idref="fl-3"/>
      </object_component>
      <object_component id="oc-142">
         <name>.debug_abbrev</name>
         <load_address>0x66e</load_address>
         <run_address>0x66e</run_address>
         <size>0x9b</size>
         <input_file_ref idref="fl-4"/>
      </object_component>
      <object_component id="oc-146">
         <name>.debug_abbrev</name>
         <load_address>0x709</load_address>
         <run_address>0x709</run_address>
         <size>0xe6</size>
         <input_file_ref idref="fl-5"/>
      </object_component>
      <object_component id="oc-d6">
         <name>.debug_abbrev</name>
         <load_address>0x7ef</load_address>
         <run_address>0x7ef</run_address>
         <size>0x6c</size>
         <input_file_ref idref="fl-5"/>
      </object_component>
      <object_component id="oc-e9">
         <name>.debug_abbrev</name>
         <load_address>0x85b</load_address>
         <run_address>0x85b</run_address>
         <size>0x7c</size>
         <input_file_ref idref="fl-6"/>
      </object_component>
      <object_component id="oc-82">
         <name>.debug_abbrev</name>
         <load_address>0x8d7</load_address>
         <run_address>0x8d7</run_address>
         <size>0x29</size>
         <input_file_ref idref="fl-6"/>
      </object_component>
      <object_component id="oc-ba">
         <name>.debug_abbrev</name>
         <load_address>0x900</load_address>
         <run_address>0x900</run_address>
         <size>0x89</size>
         <input_file_ref idref="fl-6"/>
      </object_component>
      <object_component id="oc-181">
         <name>.debug_abbrev</name>
         <load_address>0x989</load_address>
         <run_address>0x989</run_address>
         <size>0x29</size>
         <input_file_ref idref="fl-7"/>
      </object_component>
      <object_component id="oc-141">
         <name>.debug_abbrev</name>
         <load_address>0x9b2</load_address>
         <run_address>0x9b2</run_address>
         <size>0x8b</size>
         <input_file_ref idref="fl-7"/>
      </object_component>
      <object_component id="oc-145">
         <name>.debug_abbrev</name>
         <load_address>0xa3d</load_address>
         <run_address>0xa3d</run_address>
         <size>0x3c</size>
         <input_file_ref idref="fl-c1"/>
      </object_component>
      <object_component id="oc-144">
         <name>.debug_abbrev</name>
         <load_address>0xa79</load_address>
         <run_address>0xa79</run_address>
         <size>0x3c</size>
         <input_file_ref idref="fl-c1"/>
      </object_component>
      <object_component id="oc-143">
         <name>.debug_abbrev</name>
         <load_address>0xab5</load_address>
         <run_address>0xab5</run_address>
         <size>0x3c</size>
         <input_file_ref idref="fl-c2"/>
      </object_component>
      <object_component id="oc-fc">
         <name>.debug_abbrev</name>
         <load_address>0xaf1</load_address>
         <run_address>0xaf1</run_address>
         <size>0x73</size>
         <input_file_ref idref="fl-c3"/>
      </object_component>
      <object_component id="oc-95">
         <name>.debug_abbrev</name>
         <load_address>0xb64</load_address>
         <run_address>0xb64</run_address>
         <size>0x6f</size>
         <input_file_ref idref="fl-c3"/>
      </object_component>
      <object_component id="oc-98">
         <name>.debug_abbrev</name>
         <load_address>0xbd3</load_address>
         <run_address>0xbd3</run_address>
         <size>0x24</size>
         <input_file_ref idref="fl-c3"/>
      </object_component>
      <object_component id="oc-f9">
         <name>.debug_abbrev</name>
         <load_address>0xbf7</load_address>
         <run_address>0xbf7</run_address>
         <size>0x24</size>
         <input_file_ref idref="fl-c3"/>
      </object_component>
      <object_component id="oc-93">
         <name>.debug_abbrev</name>
         <load_address>0xc1b</load_address>
         <run_address>0xc1b</run_address>
         <size>0x37</size>
         <input_file_ref idref="fl-c4"/>
      </object_component>
      <object_component id="oc-39">
         <name>.debug_abbrev</name>
         <load_address>0xc52</load_address>
         <run_address>0xc52</run_address>
         <size>0x74</size>
         <input_file_ref idref="fl-c4"/>
      </object_component>
      <object_component id="oc-3c">
         <name>.debug_abbrev</name>
         <load_address>0xcc6</load_address>
         <run_address>0xcc6</run_address>
         <size>0x24</size>
         <input_file_ref idref="fl-c4"/>
      </object_component>
      <object_component id="oc-90">
         <name>.debug_abbrev</name>
         <load_address>0xcea</load_address>
         <run_address>0xcea</run_address>
         <size>0x24</size>
         <input_file_ref idref="fl-c4"/>
      </object_component>
      <object_component id="oc-f5">
         <name>.debug_abbrev</name>
         <load_address>0xd0e</load_address>
         <run_address>0xd0e</run_address>
         <size>0x37</size>
         <input_file_ref idref="fl-c5"/>
      </object_component>
      <object_component id="oc-29">
         <name>.debug_abbrev</name>
         <load_address>0xd45</load_address>
         <run_address>0xd45</run_address>
         <size>0x6f</size>
         <input_file_ref idref="fl-c5"/>
      </object_component>
      <object_component id="oc-2c">
         <name>.debug_abbrev</name>
         <load_address>0xdb4</load_address>
         <run_address>0xdb4</run_address>
         <size>0x24</size>
         <input_file_ref idref="fl-c5"/>
      </object_component>
      <object_component id="oc-f2">
         <name>.debug_abbrev</name>
         <load_address>0xdd8</load_address>
         <run_address>0xdd8</run_address>
         <size>0x35</size>
         <input_file_ref idref="fl-c5"/>
      </object_component>
      <object_component id="oc-89">
         <name>.debug_abbrev</name>
         <load_address>0xe0d</load_address>
         <run_address>0xe0d</run_address>
         <size>0x24</size>
         <input_file_ref idref="fl-c5"/>
      </object_component>
      <object_component id="oc-85">
         <name>.debug_abbrev</name>
         <load_address>0xe31</load_address>
         <run_address>0xe31</run_address>
         <size>0x29</size>
         <input_file_ref idref="fl-c6"/>
      </object_component>
      <object_component id="oc-ab">
         <name>.debug_abbrev</name>
         <load_address>0xe5a</load_address>
         <run_address>0xe5a</run_address>
         <size>0x61</size>
         <input_file_ref idref="fl-c6"/>
      </object_component>
      <object_component id="oc-161">
         <name>.debug_abbrev</name>
         <load_address>0xebb</load_address>
         <run_address>0xebb</run_address>
         <size>0x45</size>
         <input_file_ref idref="fl-c7"/>
      </object_component>
      <object_component id="oc-8d">
         <name>.debug_abbrev</name>
         <load_address>0xf00</load_address>
         <run_address>0xf00</run_address>
         <size>0x3e</size>
         <input_file_ref idref="fl-ca"/>
      </object_component>
      <object_component id="oc-195">
         <name>.debug_abbrev</name>
         <load_address>0xf3e</load_address>
         <run_address>0xf3e</run_address>
         <size>0xdb</size>
         <input_file_ref idref="fl-cc"/>
      </object_component>
      <object_component id="oc-16b">
         <name>.debug_abbrev</name>
         <load_address>0x1019</load_address>
         <run_address>0x1019</run_address>
         <size>0x7e</size>
         <input_file_ref idref="fl-cc"/>
      </object_component>
      <object_component id="oc-199">
         <name>.debug_abbrev</name>
         <load_address>0x1097</load_address>
         <run_address>0x1097</run_address>
         <size>0x24</size>
         <input_file_ref idref="fl-cc"/>
      </object_component>
      <object_component id="oc-1ad">
         <name>.debug_abbrev</name>
         <load_address>0x10bb</load_address>
         <run_address>0x10bb</run_address>
         <size>0x24</size>
         <input_file_ref idref="fl-cc"/>
      </object_component>
      <object_component id="oc-19e">
         <name>.debug_abbrev</name>
         <load_address>0x10df</load_address>
         <run_address>0x10df</run_address>
         <size>0x24</size>
         <input_file_ref idref="fl-cc"/>
      </object_component>
      <object_component id="oc-1a3">
         <name>.debug_abbrev</name>
         <load_address>0x1103</load_address>
         <run_address>0x1103</run_address>
         <size>0x4b</size>
         <input_file_ref idref="fl-cc"/>
      </object_component>
      <object_component id="oc-ff">
         <name>.debug_abbrev</name>
         <load_address>0x114e</load_address>
         <run_address>0x114e</run_address>
         <size>0x55</size>
         <input_file_ref idref="fl-cd"/>
      </object_component>
      <object_component id="oc-1ea">
         <name>.debug_abbrev</name>
         <load_address>0x11a3</load_address>
         <run_address>0x11a3</run_address>
         <size>0xf</size>
      </object_component>
      <object_component id="oc-14c">
         <name>.debug_str</name>
         <load_address>0x0</load_address>
         <run_address>0x0</run_address>
         <size>0x15df</size>
         <input_file_ref idref="fl-1"/>
      </object_component>
      <object_component id="oc-151">
         <name>.debug_str</name>
         <load_address>0x15df</load_address>
         <run_address>0x15df</run_address>
         <size>0x49b</size>
         <input_file_ref idref="fl-1"/>
      </object_component>
      <object_component id="oc-ef">
         <name>.debug_str</name>
         <load_address>0x1a7a</load_address>
         <run_address>0x1a7a</run_address>
         <size>0x2c6</size>
         <input_file_ref idref="fl-1"/>
      </object_component>
      <object_component id="oc-33">
         <name>.debug_str</name>
         <load_address>0x1d40</load_address>
         <run_address>0x1d40</run_address>
         <size>0xfc</size>
         <input_file_ref idref="fl-1"/>
      </object_component>
      <object_component id="oc-156">
         <name>.debug_str</name>
         <load_address>0x1e3c</load_address>
         <run_address>0x1e3c</run_address>
         <size>0x355</size>
         <input_file_ref idref="fl-1"/>
      </object_component>
      <object_component id="oc-db">
         <name>.debug_str</name>
         <load_address>0x2191</load_address>
         <run_address>0x2191</run_address>
         <size>0x15e</size>
         <input_file_ref idref="fl-1"/>
      </object_component>
      <object_component id="oc-9a">
         <name>.debug_str</name>
         <load_address>0x22ef</load_address>
         <run_address>0x22ef</run_address>
         <size>0xfa</size>
         <input_file_ref idref="fl-c3"/>
      </object_component>
      <object_component id="oc-fb">
         <name>.debug_str</name>
         <load_address>0x23e9</load_address>
         <run_address>0x23e9</run_address>
         <size>0x12d</size>
         <input_file_ref idref="fl-c3"/>
      </object_component>
      <object_component id="oc-3e">
         <name>.debug_str</name>
         <load_address>0x2516</load_address>
         <run_address>0x2516</run_address>
         <size>0x100</size>
         <input_file_ref idref="fl-c4"/>
      </object_component>
      <object_component id="oc-92">
         <name>.debug_str</name>
         <load_address>0x2616</load_address>
         <run_address>0x2616</run_address>
         <size>0x12d</size>
         <input_file_ref idref="fl-c4"/>
      </object_component>
      <object_component id="oc-2e">
         <name>.debug_str</name>
         <load_address>0x2743</load_address>
         <run_address>0x2743</run_address>
         <size>0x10d</size>
         <input_file_ref idref="fl-c5"/>
      </object_component>
      <object_component id="oc-f4">
         <name>.debug_str</name>
         <load_address>0x2850</load_address>
         <run_address>0x2850</run_address>
         <size>0x158</size>
         <input_file_ref idref="fl-c5"/>
      </object_component>
      <object_component id="oc-8b">
         <name>.debug_str</name>
         <load_address>0x29a8</load_address>
         <run_address>0x29a8</run_address>
         <size>0x145</size>
         <input_file_ref idref="fl-c5"/>
      </object_component>
      <object_component id="oc-19b">
         <name>.debug_str</name>
         <load_address>0x2aed</load_address>
         <run_address>0x2aed</run_address>
         <size>0xe2</size>
         <input_file_ref idref="fl-cc"/>
      </object_component>
      <object_component id="oc-1af">
         <name>.debug_str</name>
         <load_address>0x2bcf</load_address>
         <run_address>0x2bcf</run_address>
         <size>0x144</size>
         <input_file_ref idref="fl-cc"/>
      </object_component>
      <object_component id="oc-1a0">
         <name>.debug_str</name>
         <load_address>0x2d13</load_address>
         <run_address>0x2d13</run_address>
         <size>0x13d</size>
         <input_file_ref idref="fl-cc"/>
      </object_component>
      <object_component id="oc-1a5">
         <name>.debug_str</name>
         <load_address>0x2e50</load_address>
         <run_address>0x2e50</run_address>
         <size>0x184</size>
         <input_file_ref idref="fl-cc"/>
      </object_component>
      <object_component id="oc-7e">
         <name>.debug_aranges</name>
         <load_address>0x0</load_address>
         <run_address>0x0</run_address>
         <size>0x48</size>
         <input_file_ref idref="fl-1"/>
      </object_component>
      <object_component id="oc-78">
         <name>.debug_aranges</name>
         <load_address>0x48</load_address>
         <run_address>0x48</run_address>
         <size>0x38</size>
         <input_file_ref idref="fl-2"/>
      </object_component>
      <object_component id="oc-72">
         <name>.debug_aranges</name>
         <load_address>0x80</load_address>
         <run_address>0x80</run_address>
         <size>0xb8</size>
         <input_file_ref idref="fl-3"/>
      </object_component>
      <object_component id="oc-bd">
         <name>.debug_aranges</name>
         <load_address>0x138</load_address>
         <run_address>0x138</run_address>
         <size>0x30</size>
         <input_file_ref idref="fl-4"/>
      </object_component>
      <object_component id="oc-6c">
         <name>.debug_aranges</name>
         <load_address>0x168</load_address>
         <run_address>0x168</run_address>
         <size>0x28</size>
         <input_file_ref idref="fl-5"/>
      </object_component>
      <object_component id="oc-66">
         <name>.debug_aranges</name>
         <load_address>0x190</load_address>
         <run_address>0x190</run_address>
         <size>0x28</size>
         <input_file_ref idref="fl-6"/>
      </object_component>
      <object_component id="oc-b6">
         <name>.debug_aranges</name>
         <load_address>0x1b8</load_address>
         <run_address>0x1b8</run_address>
         <size>0x28</size>
         <input_file_ref idref="fl-7"/>
      </object_component>
      <object_component id="oc-cd">
         <name>.debug_aranges</name>
         <load_address>0x1e0</load_address>
         <run_address>0x1e0</run_address>
         <size>0x20</size>
         <input_file_ref idref="fl-c1"/>
      </object_component>
      <object_component id="oc-c8">
         <name>.debug_aranges</name>
         <load_address>0x200</load_address>
         <run_address>0x200</run_address>
         <size>0x20</size>
         <input_file_ref idref="fl-c1"/>
      </object_component>
      <object_component id="oc-c3">
         <name>.debug_aranges</name>
         <load_address>0x220</load_address>
         <run_address>0x220</run_address>
         <size>0x20</size>
         <input_file_ref idref="fl-c2"/>
      </object_component>
      <object_component id="oc-42">
         <name>.debug_aranges</name>
         <load_address>0x240</load_address>
         <run_address>0x240</run_address>
         <size>0x20</size>
         <input_file_ref idref="fl-c3"/>
      </object_component>
      <object_component id="oc-1c">
         <name>.debug_aranges</name>
         <load_address>0x260</load_address>
         <run_address>0x260</run_address>
         <size>0x20</size>
         <input_file_ref idref="fl-c4"/>
      </object_component>
      <object_component id="oc-16">
         <name>.debug_aranges</name>
         <load_address>0x280</load_address>
         <run_address>0x280</run_address>
         <size>0x20</size>
         <input_file_ref idref="fl-c5"/>
      </object_component>
      <object_component id="oc-54">
         <name>.debug_aranges</name>
         <load_address>0x2a0</load_address>
         <run_address>0x2a0</run_address>
         <size>0x20</size>
         <input_file_ref idref="fl-c6"/>
      </object_component>
      <object_component id="oc-102">
         <name>.debug_aranges</name>
         <load_address>0x2c0</load_address>
         <run_address>0x2c0</run_address>
         <size>0x20</size>
         <input_file_ref idref="fl-c7"/>
      </object_component>
      <object_component id="oc-36">
         <name>.debug_aranges</name>
         <load_address>0x2e0</load_address>
         <run_address>0x2e0</run_address>
         <size>0x20</size>
         <input_file_ref idref="fl-ca"/>
      </object_component>
      <object_component id="oc-10e">
         <name>.debug_aranges</name>
         <load_address>0x300</load_address>
         <run_address>0x300</run_address>
         <size>0x20</size>
         <input_file_ref idref="fl-cc"/>
      </object_component>
      <object_component id="oc-a4">
         <name>.debug_aranges</name>
         <load_address>0x320</load_address>
         <run_address>0x320</run_address>
         <size>0x20</size>
         <input_file_ref idref="fl-cd"/>
      </object_component>
      <object_component id="oc-e7">
         <name>.debug_pubnames</name>
         <load_address>0x0</load_address>
         <run_address>0x0</run_address>
         <size>0x3c</size>
         <input_file_ref idref="fl-1"/>
      </object_component>
      <object_component id="oc-7f">
         <name>.debug_pubnames</name>
         <load_address>0x3c</load_address>
         <run_address>0x3c</run_address>
         <size>0x77</size>
         <input_file_ref idref="fl-1"/>
      </object_component>
      <object_component id="oc-e3">
         <name>.debug_pubnames</name>
         <load_address>0xb3</load_address>
         <run_address>0xb3</run_address>
         <size>0x23</size>
         <input_file_ref idref="fl-2"/>
      </object_component>
      <object_component id="oc-79">
         <name>.debug_pubnames</name>
         <load_address>0xd6</load_address>
         <run_address>0xd6</run_address>
         <size>0x57</size>
         <input_file_ref idref="fl-2"/>
      </object_component>
      <object_component id="oc-de">
         <name>.debug_pubnames</name>
         <load_address>0x12d</load_address>
         <run_address>0x12d</run_address>
         <size>0x23</size>
         <input_file_ref idref="fl-3"/>
      </object_component>
      <object_component id="oc-73">
         <name>.debug_pubnames</name>
         <load_address>0x150</load_address>
         <run_address>0x150</run_address>
         <size>0x164</size>
         <input_file_ref idref="fl-3"/>
      </object_component>
      <object_component id="oc-be">
         <name>.debug_pubnames</name>
         <load_address>0x2b4</load_address>
         <run_address>0x2b4</run_address>
         <size>0x37</size>
         <input_file_ref idref="fl-4"/>
      </object_component>
      <object_component id="oc-d2">
         <name>.debug_pubnames</name>
         <load_address>0x2eb</load_address>
         <run_address>0x2eb</run_address>
         <size>0x35</size>
         <input_file_ref idref="fl-5"/>
      </object_component>
      <object_component id="oc-6d">
         <name>.debug_pubnames</name>
         <load_address>0x320</load_address>
         <run_address>0x320</run_address>
         <size>0x30</size>
         <input_file_ref idref="fl-5"/>
      </object_component>
      <object_component id="oc-25">
         <name>.debug_pubnames</name>
         <load_address>0x350</load_address>
         <run_address>0x350</run_address>
         <size>0x27</size>
         <input_file_ref idref="fl-6"/>
      </object_component>
      <object_component id="oc-67">
         <name>.debug_pubnames</name>
         <load_address>0x377</load_address>
         <run_address>0x377</run_address>
         <size>0x38</size>
         <input_file_ref idref="fl-6"/>
      </object_component>
      <object_component id="oc-140">
         <name>.debug_pubnames</name>
         <load_address>0x3af</load_address>
         <run_address>0x3af</run_address>
         <size>0x26</size>
         <input_file_ref idref="fl-7"/>
      </object_component>
      <object_component id="oc-b7">
         <name>.debug_pubnames</name>
         <load_address>0x3d5</load_address>
         <run_address>0x3d5</run_address>
         <size>0x3b</size>
         <input_file_ref idref="fl-7"/>
      </object_component>
      <object_component id="oc-ce">
         <name>.debug_pubnames</name>
         <load_address>0x410</load_address>
         <run_address>0x410</run_address>
         <size>0x26</size>
         <input_file_ref idref="fl-c1"/>
      </object_component>
      <object_component id="oc-c9">
         <name>.debug_pubnames</name>
         <load_address>0x436</load_address>
         <run_address>0x436</run_address>
         <size>0x27</size>
         <input_file_ref idref="fl-c1"/>
      </object_component>
      <object_component id="oc-c4">
         <name>.debug_pubnames</name>
         <load_address>0x45d</load_address>
         <run_address>0x45d</run_address>
         <size>0x22</size>
         <input_file_ref idref="fl-c2"/>
      </object_component>
      <object_component id="oc-43">
         <name>.debug_pubnames</name>
         <load_address>0x47f</load_address>
         <run_address>0x47f</run_address>
         <size>0x2e</size>
         <input_file_ref idref="fl-c3"/>
      </object_component>
      <object_component id="oc-1d">
         <name>.debug_pubnames</name>
         <load_address>0x4ad</load_address>
         <run_address>0x4ad</run_address>
         <size>0x2b</size>
         <input_file_ref idref="fl-c4"/>
      </object_component>
      <object_component id="oc-17">
         <name>.debug_pubnames</name>
         <load_address>0x4d8</load_address>
         <run_address>0x4d8</run_address>
         <size>0x2b</size>
         <input_file_ref idref="fl-c5"/>
      </object_component>
      <object_component id="oc-28">
         <name>.debug_pubnames</name>
         <load_address>0x503</load_address>
         <run_address>0x503</run_address>
         <size>0x1e</size>
         <input_file_ref idref="fl-c6"/>
      </object_component>
      <object_component id="oc-55">
         <name>.debug_pubnames</name>
         <load_address>0x521</load_address>
         <run_address>0x521</run_address>
         <size>0x26</size>
         <input_file_ref idref="fl-c6"/>
      </object_component>
      <object_component id="oc-103">
         <name>.debug_pubnames</name>
         <load_address>0x547</load_address>
         <run_address>0x547</run_address>
         <size>0x1c</size>
         <input_file_ref idref="fl-c7"/>
      </object_component>
      <object_component id="oc-37">
         <name>.debug_pubnames</name>
         <load_address>0x563</load_address>
         <run_address>0x563</run_address>
         <size>0x1d</size>
         <input_file_ref idref="fl-ca"/>
      </object_component>
      <object_component id="oc-10f">
         <name>.debug_pubnames</name>
         <load_address>0x580</load_address>
         <run_address>0x580</run_address>
         <size>0x35</size>
         <input_file_ref idref="fl-cc"/>
      </object_component>
      <object_component id="oc-a5">
         <name>.debug_pubnames</name>
         <load_address>0x5b5</load_address>
         <run_address>0x5b5</run_address>
         <size>0x27</size>
         <input_file_ref idref="fl-cd"/>
      </object_component>
      <object_component id="oc-149">
         <name>.debug_pubtypes</name>
         <load_address>0x0</load_address>
         <run_address>0x0</run_address>
         <size>0x2ce</size>
         <input_file_ref idref="fl-1"/>
      </object_component>
      <object_component id="oc-14e">
         <name>.debug_pubtypes</name>
         <load_address>0x2ce</load_address>
         <run_address>0x2ce</run_address>
         <size>0xdd</size>
         <input_file_ref idref="fl-1"/>
      </object_component>
      <object_component id="oc-ec">
         <name>.debug_pubtypes</name>
         <load_address>0x3ab</load_address>
         <run_address>0x3ab</run_address>
         <size>0x25c</size>
         <input_file_ref idref="fl-1"/>
      </object_component>
      <object_component id="oc-30">
         <name>.debug_pubtypes</name>
         <load_address>0x607</load_address>
         <run_address>0x607</run_address>
         <size>0xed</size>
         <input_file_ref idref="fl-1"/>
      </object_component>
      <object_component id="oc-153">
         <name>.debug_pubtypes</name>
         <load_address>0x6f4</load_address>
         <run_address>0x6f4</run_address>
         <size>0x325</size>
         <input_file_ref idref="fl-1"/>
      </object_component>
      <object_component id="oc-d8">
         <name>.debug_pubtypes</name>
         <load_address>0xa19</load_address>
         <run_address>0xa19</run_address>
         <size>0xaa</size>
         <input_file_ref idref="fl-1"/>
      </object_component>
      <object_component id="oc-97">
         <name>.debug_pubtypes</name>
         <load_address>0xac3</load_address>
         <run_address>0xac3</run_address>
         <size>0x48</size>
         <input_file_ref idref="fl-c3"/>
      </object_component>
      <object_component id="oc-f8">
         <name>.debug_pubtypes</name>
         <load_address>0xb0b</load_address>
         <run_address>0xb0b</run_address>
         <size>0x1d</size>
         <input_file_ref idref="fl-c3"/>
      </object_component>
      <object_component id="oc-3b">
         <name>.debug_pubtypes</name>
         <load_address>0xb28</load_address>
         <run_address>0xb28</run_address>
         <size>0x48</size>
         <input_file_ref idref="fl-c4"/>
      </object_component>
      <object_component id="oc-8f">
         <name>.debug_pubtypes</name>
         <load_address>0xb70</load_address>
         <run_address>0xb70</run_address>
         <size>0x1d</size>
         <input_file_ref idref="fl-c4"/>
      </object_component>
      <object_component id="oc-2b">
         <name>.debug_pubtypes</name>
         <load_address>0xb8d</load_address>
         <run_address>0xb8d</run_address>
         <size>0x5d</size>
         <input_file_ref idref="fl-c5"/>
      </object_component>
      <object_component id="oc-f1">
         <name>.debug_pubtypes</name>
         <load_address>0xbea</load_address>
         <run_address>0xbea</run_address>
         <size>0x48</size>
         <input_file_ref idref="fl-c5"/>
      </object_component>
      <object_component id="oc-88">
         <name>.debug_pubtypes</name>
         <load_address>0xc32</load_address>
         <run_address>0xc32</run_address>
         <size>0x35</size>
         <input_file_ref idref="fl-c5"/>
      </object_component>
      <object_component id="oc-198">
         <name>.debug_pubtypes</name>
         <load_address>0xc67</load_address>
         <run_address>0xc67</run_address>
         <size>0x32</size>
         <input_file_ref idref="fl-cc"/>
      </object_component>
      <object_component id="oc-1ac">
         <name>.debug_pubtypes</name>
         <load_address>0xc99</load_address>
         <run_address>0xc99</run_address>
         <size>0x30</size>
         <input_file_ref idref="fl-cc"/>
      </object_component>
      <object_component id="oc-19d">
         <name>.debug_pubtypes</name>
         <load_address>0xcc9</load_address>
         <run_address>0xcc9</run_address>
         <size>0x2c</size>
         <input_file_ref idref="fl-cc"/>
      </object_component>
      <object_component id="oc-1a2">
         <name>.debug_pubtypes</name>
         <load_address>0xcf5</load_address>
         <run_address>0xcf5</run_address>
         <size>0x50</size>
         <input_file_ref idref="fl-cc"/>
      </object_component>
   </object_component_list>
   <logical_group_list>
      <logical_group id="lg-3" display="no" color="cyan">
         <name>.intvecs</name>
         <load_address>0x0</load_address>
         <run_address>0x0</run_address>
         <size>0xe4</size>
         <contents>
            <object_component_ref idref="oc-23"/>
         </contents>
      </logical_group>
      <logical_group id="lg-4" display="no" color="cyan">
         <name>.text</name>
         <load_address>0xe4</load_address>
         <run_address>0xe4</run_address>
         <size>0x193e</size>
         <contents>
            <object_component_ref idref="oc-70"/>
            <object_component_ref idref="oc-6a"/>
            <object_component_ref idref="oc-b4"/>
            <object_component_ref idref="oc-bb"/>
            <object_component_ref idref="oc-76"/>
            <object_component_ref idref="oc-7c"/>
            <object_component_ref idref="oc-34"/>
            <object_component_ref idref="oc-cb"/>
            <object_component_ref idref="oc-c6"/>
            <object_component_ref idref="oc-14"/>
            <object_component_ref idref="oc-10c"/>
            <object_component_ref idref="oc-52"/>
            <object_component_ref idref="oc-c1"/>
            <object_component_ref idref="oc-40"/>
            <object_component_ref idref="oc-1a"/>
            <object_component_ref idref="oc-64"/>
            <object_component_ref idref="oc-a2"/>
            <object_component_ref idref="oc-100"/>
         </contents>
      </logical_group>
      <logical_group id="lg-5" display="no" color="cyan">
         <name>.const</name>
         <run_address>0x0</run_address>
         <size>0x0</size>
         <contents>
         </contents>
      </logical_group>
      <logical_group id="lg-6" display="no" color="cyan">
         <name>.cinit</name>
         <load_address>0x1a28</load_address>
         <run_address>0x1a28</run_address>
         <size>0x38</size>
         <contents>
            <object_component_ref idref="oc-1e6"/>
            <object_component_ref idref="oc-1e4"/>
            <object_component_ref idref="oc-1e7"/>
            <object_component_ref idref="oc-1e5"/>
         </contents>
      </logical_group>
      <logical_group id="lg-7" display="no" color="cyan">
         <name>.pinit</name>
         <run_address>0x0</run_address>
         <size>0x0</size>
         <contents>
         </contents>
      </logical_group>
      <logical_group id="lg-8" display="no" color="cyan">
         <name>.init_array</name>
         <run_address>0x0</run_address>
         <size>0x0</size>
         <contents>
         </contents>
      </logical_group>
      <logical_group id="lg-9" display="no" color="cyan">
         <name>.binit</name>
         <load_address>0x0</load_address>
         <run_address>0x0</run_address>
         <size>0x0</size>
         <contents>
            <object_component_ref idref="oc-1b9"/>
         </contents>
      </logical_group>
      <logical_group id="lg-a" display="no" color="cyan">
         <name>.flashMailbox</name>
         <run_address>0x0</run_address>
         <size>0x0</size>
         <contents>
         </contents>
      </logical_group>
      <logical_group id="lg-b" display="no" color="cyan">
         <name>.tlvTable</name>
         <run_address>0x0</run_address>
         <size>0x0</size>
         <contents>
         </contents>
      </logical_group>
      <logical_group id="lg-c" display="no" color="cyan">
         <name>.bslArea</name>
         <run_address>0x0</run_address>
         <size>0x0</size>
         <contents>
         </contents>
      </logical_group>
      <logical_group id="lg-d" display="no" color="cyan">
         <name>.vtable</name>
         <run_address>0x0</run_address>
         <size>0x0</size>
         <contents>
         </contents>
      </logical_group>
      <logical_group id="lg-e" display="no" color="cyan">
         <name>.data</name>
         <run_address>0x20000000</run_address>
         <size>0x12</size>
         <contents>
            <object_component_ref idref="oc-e5"/>
            <object_component_ref idref="oc-e1"/>
            <object_component_ref idref="oc-dc"/>
            <object_component_ref idref="oc-d4"/>
            <object_component_ref idref="oc-13e"/>
         </contents>
      </logical_group>
      <logical_group id="lg-f" display="no" color="cyan">
         <name>.bss</name>
         <run_address>0x20000012</run_address>
         <size>0x8</size>
         <contents>
            <object_component_ref idref="oc-d5"/>
            <object_component_ref idref="oc-d3"/>
            <object_component_ref idref="oc-d0"/>
         </contents>
      </logical_group>
      <logical_group id="lg-10" display="no" color="cyan">
         <name>.sysmem</name>
         <run_address>0x0</run_address>
         <size>0x0</size>
         <contents>
         </contents>
[...]
               <size>0x12</size>
               <logical_group_ref idref="lg-e"/>
            </allocated_space>
            <allocated_space>
               <start_address>0x1000012</start_address>
               <size>0x8</size>
               <logical_group_ref idref="lg-f"/>
            </allocated_space>
            <available_space>
               <start_address>0x100001a</start_address>
               <size>0xfde6</size>
            </available_space>
            <allocated_space>
               <start_address>0x100fe00</start_address>
               <size>0x200</size>
               <logical_group_ref idref="lg-11"/>
            </allocated_space>
         </usage_details>
      </memory_area>
      <memory_area display="yes" color="green">
         <name>SRAM_DATA</name>
         <page_id>0x0</page_id>
         <origin>0x20000000</origin>
         <length>0x10000</length>
         <used_space>0x21a</used_space>
         <unused_space>0xfde6</unused_space>
         <attributes>RW</attributes>
         <usage_details>
            <allocated_space>
               <start_address>0x20000000</start_address>
               <size>0x12</size>
               <logical_group_ref idref="lg-e"/>
            </allocated_space>
            <allocated_space>
               <start_address>0x20000012</start_address>
               <size>0x8</size>
               <logical_group_ref idref="lg-f"/>
            </allocated_space>
            <available_space>
               <start_address>0x2000001a</start_address>
               <size>0xfde6</size>
            </available_space>
            <allocated_space>
               <start_address>0x2000fe00</start_address>
               <size>0x200</size>
               <logical_group_ref idref="lg-11"/>
            </allocated_space>
         </usage_details>
      </memory_area>
   </placement_map>
   <cptbl_list>
      <cptbl>
         <name>__TI_cinit_table</name>
         <cprec>
            <name>.data</name>
            <load_address>0x1a28</load_address>
            <load_size>0x11</load_size>
            <run_address>0x20000000</run_address>
            <run_size>0x12</run_size>
            <compression>lzss</compression>
         </cprec>
         <cprec>
            <name>.bss</name>
            <load_address>0x1a48</load_address>
            <load_size>0x8</load_size>
            <run_address>0x20000012</run_address>
            <run_size>0x8</run_size>
            <compression>zero_init</compression>
         </cprec>
      </cptbl>
   </cptbl_list>
   <handler_table>
      <handler_table_name>__TI_handler_table</handler_table_name>
      <handler>
         <index>0x0</index>
         <name>__TI_decompress_lzss</name>
      </handler>
      <handler>
         <index>0x1</index>
         <name>__TI_decompress_none</name>
      </handler>
      <handler>
         <index>0x2</index>
         <name>__TI_zero_init</name>
      </handler>
   </handler_table>
   <symbol_table>
      <symbol id="sm-1">
         <name>WDTCTL_SYM</name>
         <value>0x4000480c</value>
      </symbol>
      <symbol id="sm-2">
         <name>__TI_CINIT_Base</name>
         <value>0x1a50</value>
      </symbol>
      <symbol id="sm-3">
         <name>__TI_CINIT_Limit</name>
         <value>0x1a60</value>
      </symbol>
      <symbol id="sm-4">
         <name>__TI_Handler_Table_Base</name>
         <value>0x1a3c</value>
      </symbol>
      <symbol id="sm-5">
         <name>__TI_Handler_Table_Limit</name>
         <value>0x1a48</value>
      </symbol>
      <symbol id="sm-6">
         <name>binit</name>
         <value>0xffffffff</value>
      </symbol>
      <symbol id="sm-7">
         <name>__binit__</name>
         <value>0xffffffff</value>
      </symbol>
      <symbol id="sm-8">
         <name>__STACK_SIZE</name>
         <value>0x200</value>
      </symbol>
      <symbol id="sm-9">
         <name>__STACK_END</name>
         <value>0x20010000</value>
      </symbol>
      <symbol id="sm-a">
         <name>__c_args__</name>
         <value>0xffffffff</value>
      </symbol>
      <symbol id="sm-b">
         <name>__TI_pprof_out_hndl</name>
         <value>0xffffffff</value>
      </symbol>
      <symbol id="sm-c">
         <name>__TI_prof_data_start</name>
         <value>0xffffffff</value>
      </symbol>
      <symbol id="sm-d">
         <name>__TI_prof_data_size</name>
         <value>0xffffffff</value>
      </symbol>
      <symbol id="sm-74">
         <name>getADCSample</name>
         <value>0x16ab</value>
         <object_component_ref idref="oc-7c"/>
      </symbol>
      <symbol id="sm-75">
         <name>getADCFlag</name>
         <value>0x16b7</value>
         <object_component_ref idref="oc-7c"/>
      </symbol>
      <symbol id="sm-76">
         <name>getADCSample_1</name>
         <value>0x16b1</value>
         <object_component_ref idref="oc-7c"/>
      </symbol>
      <symbol id="sm-77">
         <name>ADC14_IRQHandler</name>
         <value>0x16bd</value>
         <object_component_ref idref="oc-7c"/>
      </symbol>
      <symbol id="sm-78">
         <name>clearADCFlag</name>
         <value>0x16a3</value>
         <object_component_ref idref="oc-7c"/>
      </symbol>
      <symbol id="sm-79">
         <name>ADCInit</name>
         <value>0x164d</value>
         <object_component_ref idref="oc-7c"/>
      </symbol>
      <symbol id="sm-a4">
         <name>TransmitFlag</name>
         <value>0x2000000a</value>
         <object_component_ref idref="oc-e1"/>
      </symbol>
      <symbol id="sm-a5">
         <name>EUSCIB1_IRQHandler</name>
         <value>0x15ef</value>
         <object_component_ref idref="oc-76"/>
      </symbol>
      <symbol id="sm-a6">
         <name>ReadBNO055</name>
         <value>0x156b</value>
         <object_component_ref idref="oc-76"/>
      </symbol>
      <symbol id="sm-a7">
         <name>InitBNO055</name>
         <value>0x14a5</value>
         <object_component_ref idref="oc-76"/>
      </symbol>
      <symbol id="sm-a8">
         <name>WriteBNO055</name>
         <value>0x1503</value>
         <object_component_ref idref="oc-76"/>
      </symbol>
      <symbol id="sm-11d">
         <name>USB_UARTWrite</name>
         <value>0x18d</value>
         <object_component_ref idref="oc-70"/>
      </symbol>
      <symbol id="sm-11e">
         <name>clearUARTBuf</name>
         <value>0x1d3</value>
         <object_component_ref idref="oc-70"/>
      </symbol>
      <symbol id="sm-11f">
         <name>USB_UARTInit</name>
         <value>0xe5</value>
         <object_component_ref idref="oc-70"/>
      </symbol>
      <symbol id="sm-120">
         <name>drawBarScale</name>
         <value>0xa63</value>
         <object_component_ref idref="oc-70"/>
      </symbol>
      <symbol id="sm-121">
         <name>writeDC</name>
         <value>0x93b</value>
         <object_component_ref idref="oc-70"/>
      </symbol>
      <symbol id="sm-122">
         <name>giveUARTString</name>
         <value>0x8c5</value>
         <object_component_ref idref="oc-70"/>
      </symbol>
      <symbol id="sm-123">
         <name>drawDCBars</name>
         <value>0x9ab</value>
         <object_component_ref idref="oc-70"/>
      </symbol>
      <symbol id="sm-124">
         <name>giveUARTPosNegInt</name>
         <value>0x58d</value>
         <object_component_ref idref="oc-70"/>
      </symbol>
      <symbol id="sm-125">
         <name>giveUARTAnalog</name>
         <value>0x1db</value>
         <object_component_ref idref="oc-70"/>
      </symbol>
      <symbol id="sm-126">
         <name>writeVPP</name>
         <value>0x957</value>
         <object_component_ref idref="oc-70"/>
      </symbol>
      <symbol id="sm-127">
         <name>drawBorder</name>
         <value>0x90b</value>
         <object_component_ref idref="oc-70"/>
      </symbol>
      <symbol id="sm-128">
         <name>writeFrequency</name>
         <value>0x98f</value>
         <object_component_ref idref="oc-70"/>
      </symbol>
      <symbol id="sm-129">
         <name>drawRMSBars</name>
         <value>0xa07</value>
         <object_component_ref idref="oc-70"/>
      </symbol>
      <symbol id="sm-12a">
         <name>EUSCIA0_IRQHandler</name>
         <value>0x135</value>
         <object_component_ref idref="oc-70"/>
      </symbol>
      <symbol id="sm-12b">
         <name>resetTerminal</name>
         <value>0x8f5</value>
         <object_component_ref idref="oc-70"/>
      </symbol>
      <symbol id="sm-12c">
         <name>clearUARTFlag</name>
         <value>0x1cb</value>
         <object_component_ref idref="oc-70"/>
      </symbol>
      <symbol id="sm-12d">
         <name>getUARTFlag</name>
         <value>0x1a9</value>
         <object_component_ref idref="oc-70"/>
      </symbol>
      <symbol id="sm-12e">
         <name>giveUARTInt</name>
         <value>0x279</value>
         <object_component_ref idref="oc-70"/>
      </symbol>
      <symbol id="sm-12f">
         <name>getUARTNum</name>
         <value>0x1af</value>
         <object_component_ref idref="oc-70"/>
      </symbol>
      <symbol id="sm-130">
         <name>writeRMS</name>
         <value>0x973</value>
         <object_component_ref idref="oc-70"/>
      </symbol>
      <symbol id="sm-162">
         <name>delay_us</name>
         <value>0x1259</value>
         <object_component_ref idref="oc-bb"/>
      </symbol>
      <symbol id="sm-163">
         <name>setDCO</name>
         <value>0x138d</value>
         <object_component_ref idref="oc-bb"/>
      </symbol>
      <symbol id="sm-164">
         <name>delay_ms</name>
         <value>0x122d</value>
         <object_component_ref idref="oc-bb"/>
      </symbol>
      <symbol id="sm-1a2">
         <name>throttle_diff</name>
         <value>0x20000018</value>
      </symbol>
      <symbol id="sm-1a3">
         <name>sampled_flag</name>
         <value>0x20000016</value>
      </symbol>
      <symbol id="sm-1a4">
         <name>main</name>
         <value>0xb99</value>
         <object_component_ref idref="oc-6a"/>
      </symbol>
      <symbol id="sm-1a5">
         <name>TA0_N_IRQHandler</name>
         <value>0xe33</value>
         <object_component_ref idref="oc-6a"/>
      </symbol>
      <symbol id="sm-1ba">
         <name>Reset_Handler</name>
         <value>0x1a0d</value>
         <object_component_ref idref="oc-64"/>
      </symbol>
      <symbol id="sm-1bb">
         <name>Default_Handler</name>
         <value>0x1a19</value>
         <object_component_ref idref="oc-64"/>
      </symbol>
      <symbol id="sm-1bc">
         <name>interruptVectors</name>
         <value>0x0</value>
         <object_component_ref idref="oc-23"/>
      </symbol>
      <symbol id="sm-204">
         <name>SystemInit</name>
         <value>0x1171</value>
         <object_component_ref idref="oc-b4"/>
      </symbol>
      <symbol id="sm-205">
         <name>SystemCoreClockUpdate</name>
         <value>0xef9</value>
         <object_component_ref idref="oc-b4"/>
      </symbol>
      <symbol id="sm-206">
         <name>SystemCoreClock</name>
         <value>0x2000000c</value>
         <object_component_ref idref="oc-13e"/>
      </symbol>
      <symbol id="sm-228">
         <name>__aeabi_cdcmpeq</name>
         <value>0x17c5</value>
         <object_component_ref idref="oc-cb"/>
      </symbol>
      <symbol id="sm-229">
         <name>__aeabi_cdcmple</name>
         <value>0x17c5</value>
         <object_component_ref idref="oc-cb"/>
      </symbol>
      <symbol id="sm-22a">
         <name>__aeabi_cdrcmple</name>
         <value>0x184b</value>
         <object_component_ref idref="oc-c6"/>
      </symbol>
      <symbol id="sm-235">
         <name>__aeabi_f2d</name>
         <value>0x19b5</value>
         <object_component_ref idref="oc-c1"/>
      </symbol>
      <symbol id="sm-24e">
         <name>__TI_zero_init_nomemset</name>
         <value>0x19ed</value>
         <object_component_ref idref="oc-40"/>
      </symbol>
      <symbol id="sm-265">
         <name>__TI_decompress_none</name>
         <value>0x19ff</value>
         <object_component_ref idref="oc-1a"/>
      </symbol>
      <symbol id="sm-288">
         <name>__TI_decompress_lzss</name>
         <value>0x18d1</value>
         <object_component_ref idref="oc-14"/>
      </symbol>
      <symbol id="sm-29b">
         <name>__stack</name>
         <value>0x2000fe00</value>
         <object_component_ref idref="oc-26"/>
      </symbol>
      <symbol id="sm-29c">
         <name>_c_int00_noargs</name>
         <value>0x197d</value>
         <object_component_ref idref="oc-52"/>
      </symbol>
      <symbol id="sm-2a7">
         <name>C$$EXIT</name>
         <value>0x1a1f</value>
         <object_component_ref idref="oc-100"/>
      </symbol>
      <symbol id="sm-2a8">
         <name>abort</name>
         <value>0x1a1f</value>
         <object_component_ref idref="oc-100"/>
      </symbol>
      <symbol id="sm-2c5">
         <name>memcpy</name>
         <value>0x1729</value>
         <object_component_ref idref="oc-34"/>
      </symbol>
      <symbol id="sm-2c6">
         <name>__aeabi_memcpy</name>
         <value>0x1729</value>
         <object_component_ref idref="oc-34"/>
      </symbol>
      <symbol id="sm-2c7">
         <name>__aeabi_memcpy8</name>
         <value>0x1729</value>
         <object_component_ref idref="oc-34"/>
      </symbol>
      <symbol id="sm-2c8">
         <name>__aeabi_memcpy4</name>
         <value>0x1729</value>
         <object_component_ref idref="oc-34"/>
      </symbol>
      <symbol id="sm-2f1">
         <name>__TI_auto_init_nobinit_nopinit</name>
         <value>0x1939</value>
         <object_component_ref idref="oc-10c"/>
      </symbol>
      <symbol id="sm-2fb">
         <name>_system_pre_init</name>
         <value>0x1a1b</value>
         <object_component_ref idref="oc-a2"/>
      </symbol>
      <symbol id="sm-2fd">
         <name>__TI_static_base__</name>
         <value>0x0</value>
      </symbol>
      <symbol id="sm-300">
         <name>__mpu_init</name>
         <value>0x0</value>
      </symbol>
      <symbol id="sm-301">
         <name>_system_post_cinit</name>
         <value>0x0</value>
      </symbol>
      <symbol id="sm-302">
         <name>NMI_Handler</name>
         <value>0x1a19</value>
      </symbol>
      <symbol id="sm-303">
         <name>HardFault_Handler</name>
         <value>0x1a19</value>
      </symbol>
      <symbol id="sm-304">
         <name>MemManage_Handler</name>
         <value>0x1a19</value>
      </symbol>
      <symbol id="sm-305">
         <name>BusFault_Handler</name>
         <value>0x1a19</value>
      </symbol>
      <symbol id="sm-306">
         <name>UsageFault_Handler</name>
         <value>0x1a19</value>
      </symbol>
      <symbol id="sm-307">
         <name>SVC_Handler</name>
         <value>0x1a19</value>
      </symbol>
      <symbol id="sm-308">
         <name>DebugMon_Handler</name>
         <value>0x1a19</value>
      </symbol>
      <symbol id="sm-309">
         <name>PendSV_Handler</name>
         <value>0x1a19</value>
      </symbol>
      <symbol id="sm-30a">
         <name>SysTick_Handler</name>
         <value>0x1a19</value>
      </symbol>
      <symbol id="sm-30b">
         <name>PSS_IRQHandler</name>
         <value>0x1a19</value>
      </symbol>
      <symbol id="sm-30c">
         <name>CS_IRQHandler</name>
         <value>0x1a19</value>
      </symbol>
      <symbol id="sm-30d">
         <name>PCM_IRQHandler</name>
         <value>0x1a19</value>
      </symbol>
      <symbol id="sm-30e">
         <name>WDT_A_IRQHandler</name>
         <value>0x1a19</value>
      </symbol>
      <symbol id="sm-30f">
         <name>FPU_IRQHandler</name>
         <value>0x1a19</value>
      </symbol>
      <symbol id="sm-310">
         <name>FLCTL_IRQHandler</name>
         <value>0x1a19</value>
      </symbol>
      <symbol id="sm-311">
         <name>COMP_E0_IRQHandler</name>
         <value>0x1a19</value>
      </symbol>
      <symbol id="sm-312">
         <name>COMP_E1_IRQHandler</name>
         <value>0x1a19</value>
      </symbol>
      <symbol id="sm-313">
         <name>TA0_0_IRQHandler</name>
         <value>0x1a19</value>
      </symbol>
      <symbol id="sm-314">
         <name>TA0_N_IRQHandler</name>
         <value>0xe33</value>
      </symbol>
      <symbol id="sm-315">
         <name>TA1_0_IRQHandler</name>
         <value>0x1a19</value>
      </symbol>
      <symbol id="sm-316">
         <name>TA1_N_IRQHandler</name>
         <value>0x1a19</value>
      </symbol>
      <symbol id="sm-317">
         <name>TA2_0_IRQHandler</name>
         <value>0x1a19</value>
      </symbol>
      <symbol id="sm-318">
         <name>TA2_N_IRQHandler</name>
         <value>0x1a19</value>
      </symbol>
      <symbol id="sm-319">
         <name>TA3_0_IRQHandler</name>
         <value>0x1a19</value>
      </symbol>
      <symbol id="sm-31a">
         <name>TA3_N_IRQHandler</name>
         <value>0x1a19</value>
      </symbol>
      <symbol id="sm-31b">
         <name>EUSCIA0_IRQHandler</name>
         <value>0x135</value>
      </symbol>
      <symbol id="sm-31c">
         <name>EUSCIA1_IRQHandler</name>
         <value>0x1a19</value>
      </symbol>
      <symbol id="sm-31d">
         <name>EUSCIA2_IRQHandler</name>
         <value>0x1a19</value>
      </symbol>
      <symbol id="sm-31e">
         <name>EUSCIA3_IRQHandler</name>
         <value>0x1a19</value>
      </symbol>
      <symbol id="sm-31f">
         <name>EUSCIB0_IRQHandler</name>
         <value>0x1a19</value>
      </symbol>
      <symbol id="sm-320">
         <name>EUSCIB1_IRQHandler</name>
         <value>0x15ef</value>
      </symbol>
      <symbol id="sm-321">
         <name>EUSCIB2_IRQHandler</name>
         <value>0x1a19</value>
      </symbol>
      <symbol id="sm-322">
         <name>EUSCIB3_IRQHandler</name>
         <value>0x1a19</value>
      </symbol>
      <symbol id="sm-323">
         <name>ADC14_IRQHandler</name>
         <value>0x16bd</value>
      </symbol>
      <symbol id="sm-324">
         <name>T32_INT1_IRQHandler</name>
         <value>0x1a19</value>
      </symbol>
      <symbol id="sm-325">
         <name>T32_INT2_IRQHandler</name>
         <value>0x1a19</value>
      </symbol>
      <symbol id="sm-326">
         <name>T32_INTC_IRQHandler</name>
         <value>0x1a19</value>
      </symbol>
      <symbol id="sm-327">
         <name>AES256_IRQHandler</name>
         <value>0x1a19</value>
      </symbol>
      <symbol id="sm-328">
         <name>RTC_C_IRQHandler</name>
         <value>0x1a19</value>
      </symbol>
      <symbol id="sm-329">
         <name>DMA_ERR_IRQHandler</name>
         <value>0x1a19</value>
      </symbol>
      <symbol id="sm-32a">
         <name>DMA_INT3_IRQHandler</name>
         <value>0x1a19</value>
      </symbol>
      <symbol id="sm-32b">
         <name>DMA_INT2_IRQHandler</name>
         <value>0x1a19</value>
      </symbol>
      <symbol id="sm-32c">
         <name>DMA_INT1_IRQHandler</name>
         <value>0x1a19</value>
      </symbol>
      <symbol id="sm-32d">
         <name>DMA_INT0_IRQHandler</name>
         <value>0x1a19</value>
      </symbol>
      <symbol id="sm-32e">
         <name>PORT1_IRQHandler</name>
         <value>0x1a19</value>
      </symbol>
      <symbol id="sm-32f">
         <name>PORT2_IRQHandler</name>
         <value>0x1a19</value>
      </symbol>
      <symbol id="sm-330">
         <name>PORT3_IRQHandler</name>
         <value>0x1a19</value>
      </symbol>
      <symbol id="sm-331">
         <name>PORT4_IRQHandler</name>
         <value>0x1a19</value>
      </symbol>
      <symbol id="sm-332">
         <name>PORT5_IRQHandler</name>
         <value>0x1a19</value>
      </symbol>
      <symbol id="sm-333">
         <name>PORT6_IRQHandler</name>
         <value>0x1a19</value>
      </symbol>
   </symbol_table>
   <title>Link successful</title>
</link_info>
